order-k2-L16-softmax-s0.json: window acc 0.8743 (7s)
order-k2-L16-c1-s0.json: window acc 0.8963 (30s)
order-k2-L16-c1_phasefree-s0.json: window acc 0.9067 (27s)
order-k2-L16-c1_wick-s0.json: window acc 0.9117 (27s)
order-k2-L16-c1_dephased-s0.json: window acc 0.8907 (27s)
order-k2-L16-softmax-s1.json: window acc 0.8433 (6s)
order-k2-L16-c1-s1.json: window acc 0.9074 (27s)
order-k2-L16-c1_phasefree-s1.json: window acc 0.8804 (25s)
order-k2-L16-c1_wick-s1.json: window acc 0.9177 (31s)
order-k2-L16-c1_dephased-s1.json: window acc 0.9137 (27s)
order-k2-L16-softmax-s2.json: window acc 1.0000 (5s)
order-k2-L16-c1-s2.json: window acc 1.0000 (27s)
order-k2-L16-c1_phasefree-s2.json: window acc 1.0000 (26s)
order-k2-L16-c1_wick-s2.json: window acc 1.0000 (29s)
order-k2-L16-c1_dephased-s2.json: window acc 1.0000 (30s)
order-k2-L16-softmax-s3.json: window acc 1.0000 (6s)
order-k2-L16-c1-s3.json: window acc 1.0000 (29s)
order-k2-L16-c1_phasefree-s3.json: window acc 1.0000 (28s)
order-k2-L16-c1_wick-s3.json: window acc 1.0000 (27s)
order-k2-L16-c1_dephased-s3.json: window acc 1.0000 (24s)
order-k2-L16-softmax-s4.json: window acc 1.0000 (5s)
order-k2-L16-c1-s4.json: window acc 1.0000 (26s)
order-k2-L16-c1_phasefree-s4.json: window acc 1.0000 (24s)
order-k2-L16-c1_wick-s4.json: window acc 1.0000 (27s)
order-k2-L16-c1_dephased-s4.json: window acc 1.0000 (26s)
