parity-k3-L16-softmax-s0.json: window acc 0.5008 (14s)
parity-k3-L16-c1-s0.json: window acc 0.7463 (67s)
parity-k3-L16-c1_phasefree-s0.json: window acc 0.5451 (65s)
parity-k3-L16-c1_wick-s0.json: window acc 0.5833 (66s)
parity-k3-L16-c1_dephased-s0.json: window acc 0.5452 (62s)
parity-k3-L16-softmax-s1.json: window acc 0.5046 (13s)
parity-k3-L16-c1-s1.json: window acc 0.5029 (71s)
parity-k3-L16-c1_phasefree-s1.json: window acc 0.5033 (67s)
parity-k3-L16-c1_wick-s1.json: window acc 0.5039 (62s)
parity-k3-L16-c1_dephased-s1.json: window acc 0.5033 (58s)
parity-k3-L16-softmax-s2.json: window acc 1.0000 (13s)
parity-k3-L16-c1-s2.json: window acc 1.0000 (60s)
parity-k3-L16-c1_phasefree-s2.json: window acc 1.0000 (64s)
parity-k3-L16-c1_wick-s2.json: window acc 1.0000 (62s)
parity-k3-L16-c1_dephased-s2.json: window acc 1.0000 (66s)
parity-k3-L16-softmax-s3.json: window acc 0.5000 (13s)
parity-k3-L16-c1-s3.json: window acc 0.5000 (60s)
parity-k3-L16-c1_phasefree-s3.json: window acc 0.5000 (60s)
parity-k3-L16-c1_wick-s3.json: window acc 0.8363 (62s)
parity-k3-L16-c1_dephased-s3.json: window acc 0.5000 (60s)
parity-k3-L16-softmax-s4.json: window acc 0.5033 (12s)
parity-k3-L16-c1-s4.json: window acc 0.5028 (60s)
parity-k3-L16-c1_phasefree-s4.json: window acc 0.5026 (60s)
parity-k3-L16-c1_wick-s4.json: window acc 0.5033 (58s)
parity-k3-L16-c1_dephased-s4.json: window acc 0.5026 (57s)
